******************************************************************************
                  TI ARM Linker PC v16.9.4                     
******************************************************************************
>> Linked Thu Nov 09 10:21:00 2017

OUTPUT FILE NAME:   <Lab_8.out>
ENTRY POINT SYMBOL: "_c_int00"  address: 00000eb1


MEMORY CONFIGURATION

         name            origin    length      used     unused   attr    fill
----------------------  --------  ---------  --------  --------  ----  --------
  MAIN                  00000000   00040000  0000151c  0003eae4  R  X
  INFO                  00200000   00004000  00000000  00004000  R  X
  SRAM_CODE             01000000   00010000  00000264  0000fd9c  RW X
  SRAM_DATA             20000000   00010000  00000264  0000fd9c  RW  


SEGMENT ALLOCATION MAP

run origin  load origin   length   init length attrs members
----------  ----------- ---------- ----------- ----- -------
00000000    00000000    00001520   00001520    r-x
  00000000    00000000    000000e4   000000e4    r-- .intvecs
  000000e4    000000e4    000012a8   000012a8    r-x .text
  0000138c    0000138c    00000128   00000128    r-- .const
  000014b8    000014b8    00000068   00000068    r-- .cinit
20000000    20000000    00000064   00000000    rw-
  20000000    20000000    00000058   00000000    rw- .data
  20000058    20000058    0000000c   00000000    rw- .bss
2000fe00    2000fe00    00000200   00000000    rw-
  2000fe00    2000fe00    00000200   00000000    rw- .stack


SECTION ALLOCATION MAP

 output                                  attributes/
section   page    origin      length       input sections
--------  ----  ----------  ----------   ----------------
.intvecs   0    00000000    000000e4     
                  00000000    000000e4     startup_msp432p401r_ccs.obj (.intvecs:retain)

.binit     0    00000000    00000000     

.text      0    000000e4    000012a8     
                  000000e4    0000035c     main.obj (.text)
                  00000440    0000032c     system_msp432p401r.obj (.text)
                  0000076c    00000154     msp432p4xx_driverlib.lib : adc14.o (.text:_getIndexForMemRegister)
                  000008c0    0000014c                              : cs.o (.text:CS_setDCOFrequency)
                  00000a0c    000000e0                              : cs.o (.text:CS_initClockSignal)
                  00000aec    000000b2                              : timer_a.o (.text:privateTimer_AProcessClockSourceDivider)
                  00000b9e    0000009c     rtsv7M4_T_le_v4SPD16_eabi.lib : memcpy_t2.obj (.text)
                  00000c3a    0000007a                                   : memset_t2.obj (.text)
                  00000cb4    00000070                                   : autoinit.obj (.text)
                  00000d24    0000006c     msp432p4xx_driverlib.lib : adc14.o (.text:ADC14_configureConversionMemory)
                  00000d90    00000068     rtsv7M4_T_le_v4SPD16_eabi.lib : copy_decompress_lzss.obj (.text:decompress:lzss)
                  00000df8    00000064     msp432p4xx_driverlib.lib : interrupt.o (.text:Interrupt_enableInterrupt)
                  00000e5c    00000054                              : cs.o (.text:CS_tuneDCOFrequency)
                  00000eb0    00000054     rtsv7M4_T_le_v4SPD16_eabi.lib : boot.obj (.text)
                  00000f04    00000054                                   : exit.obj (.text)
                  00000f58    00000050     msp432p4xx_driverlib.lib : sysctl.o (.text:SysCtl_getTLVInfo)
                  00000fa8    0000004c     rtsv7M4_T_le_v4SPD16_eabi.lib : cpy_tbl.obj (.text)
                  00000ff4    00000048     msp432p4xx_driverlib.lib : gpio.o (.text:GPIO_setAsPeripheralModuleFunctionInputPin)
                  0000103c    00000044                              : adc14.o (.text:ADC14_configureSingleSampleMode)
                  00001080    00000044                              : timer_a.o (.text:Timer_A_configureUpMode)
                  000010c4    00000038                              : adc14.o (.text:ADC14_initModule)
                  000010fc    00000030                              : gpio.o (.text:GPIO_setAsInputPinWithPullUpResistor)
                  0000112c    0000002c                              : adc14.o (.text:ADC14_enableConversion)
                  00001158    00000028                              : adc14.o (.text:ADC14_enableSampleTimer)
                  00001180    00000024                              : cs.o (.text:CS_setDCOCenteredFrequency)
                  000011a4    00000024                              : gpio.o (.text:GPIO_setAsOutputPin)
                  000011c8    00000024                              : interrupt.o (.text:Interrupt_setPriority)
                  000011ec    00000020                              : adc14.o (.text:ADC14_toggleConversionTrigger)
                  0000120c    00000020                              : gpio.o (.text:GPIO_interruptEdgeSelect)
                  0000122c    00000018                              : adc14.o (.text:ADC14_getResult)
                  00001244    00000018                              : gpio.o (.text:GPIO_clearInterruptFlag)
                  0000125c    00000018                              : gpio.o (.text:GPIO_getInputPinValue)
                  00001274    00000018                              : gpio.o (.text:GPIO_setOutputLowOnPin)
                  0000128c    00000018     rtsv7M4_T_le_v4SPD16_eabi.lib : args_main.obj (.text)
                  000012a4    00000014     msp432p4xx_driverlib.lib : adc14.o (.text:ADC14_isBusy)
                  000012b8    00000014                              : adc14.o (.text:ADC14_setResolution)
                  000012cc    00000014                              : adc14.o (.text:ADCIsConversionRunning)
                  000012e0    00000014                              : gpio.o (.text:GPIO_enableInterrupt)
                  000012f4    00000014                              : gpio.o (.text:GPIO_setOutputHighOnPin)
                  00001308    00000014     rtsv7M4_T_le_v4SPD16_eabi.lib : _lock.obj (.text)
                  0000131c    00000010     msp432p4xx_driverlib.lib : adc14.o (.text:ADC14_enableModule)
                  0000132c    00000010                              : interrupt.o (.text:Interrupt_enableMaster)
                  0000133c    0000000e     rtsv7M4_T_le_v4SPD16_eabi.lib : copy_decompress_none.obj (.text:decompress:none)
                  0000134a    0000000e     startup_msp432p401r_ccs.obj (.text)
                  00001358    0000000c     msp432p4xx_driverlib.lib : cpu.o (.text:CPU_cpsie)
                  00001364    0000000c                              : timer_a.o (.text:Timer_A_clearInterruptFlag)
                  00001370    0000000c     rtsv7M4_T_le_v4SPD16_eabi.lib : copy_zero_init.obj (.text:decompress:ZI)
                  0000137c    00000008     msp432p4xx_driverlib.lib : timer_a.o (.text:Timer_A_startCounter)
                  00001384    00000004     rtsv7M4_T_le_v4SPD16_eabi.lib : pre_init.obj (.text)
                  00001388    00000002                                   : mpu_init.obj (.text)
                  0000138a    00000002                                   : startup.obj (.text)

.const     0    0000138c    00000128     
                  0000138c    00000080     msp432p4xx_driverlib.lib : adc14.o (.const:_ctlRegs)
                  0000140c    00000050                              : interrupt.o (.const:g_pulRegs)
                  0000145c    00000040                              : interrupt.o (.const)
                  0000149c    00000018     main.obj (.const:config)

.cinit     0    000014b8    00000068     
                  000014b8    0000003f     (.cinit..data.load) [load image, compression = lzss]
                  000014f7    00000001     --HOLE-- [fill = 0]
                  000014f8    0000000c     (__TI_handler_table)
                  00001504    00000004     --HOLE-- [fill = 0]
                  00001508    00000008     (.cinit..bss.load) [load image, compression = zero_init]
                  00001510    00000010     (__TI_cinit_table)

.init_array 
*          0    00000000    00000000     UNINITIALIZED

.data      0    20000000    00000058     UNINITIALIZED
                  20000000    00000030     msp432p4xx_driverlib.lib : gpio.o (.data:GPIO_PORT_TO_BASE)
                  20000030    0000000c     rtsv7M4_T_le_v4SPD16_eabi.lib : exit.obj (.data:$O1$$)
                  2000003c    0000000c     main.obj (.data)
                  20000048    00000008     rtsv7M4_T_le_v4SPD16_eabi.lib : _lock.obj (.data:$O1$$)
                  20000050    00000004                                   : stkdepth_vars.obj (.data)
                  20000054    00000004     system_msp432p401r.obj (.data)

.bss       0    20000058    0000000c     UNINITIALIZED
                  20000058    00000004     (.common:PWM)
                  2000005c    00000004     (.common:percentageOut)
                  20000060    00000004     (.common:s2)

.stack     0    2000fe00    00000200     UNINITIALIZED
                  2000fe00    00000200     --HOLE--

MODULE SUMMARY

       Module                        code   ro data   rw data
       ------                        ----   -------   -------
    .\
       main.obj                      860    24        48     
       system_msp432p401r.obj        812    0         8      
       startup_msp432p401r_ccs.obj   14     228       0      
    +--+-----------------------------+------+---------+---------+
       Total:                        1686   252       56     
                                                             
    C:/ti/msp432_driverlib_3_21_00_05/driverlib/MSP432P4xx/ccs/msp432p4xx_driverlib.lib
       adc14.o                       788    128       0      
       cs.o                          676    0         0      
       gpio.o                        300    0         96     
       interrupt.o                   152    144       0      
       timer_a.o                     266    0         0      
       sysctl.o                      80     0         0      
       cpu.o                         12     0         0      
    +--+-----------------------------+------+---------+---------+
       Total:                        2274   272       96     
                                                             
    C:\ti\ccsv7\tools\compiler\ti-cgt-arm_16.9.4.LTS\lib\rtsv7M4_T_le_v4SPD16_eabi.lib
       memcpy_t2.obj                 156    0         0      
       memset_t2.obj                 122    0         0      
       autoinit.obj                  112    0         0      
       exit.obj                      84     0         24     
       copy_decompress_lzss.obj      104    0         0      
       boot.obj                      84     0         0      
       cpy_tbl.obj                   76     0         0      
       _lock.obj                     20     0         16     
       args_main.obj                 24     0         0      
       copy_decompress_none.obj      14     0         0      
       copy_zero_init.obj            12     0         0      
       stkdepth_vars.obj             0      0         8      
       pre_init.obj                  4      0         0      
       mpu_init.obj                  2      0         0      
       startup.obj                   2      0         0      
    +--+-----------------------------+------+---------+---------+
       Total:                        816    0         48     
                                                             
       Stack:                        0      0         1024   
       Linker Generated:             0      99        0      
    +--+-----------------------------+------+---------+---------+
       Grand Total:                  4776   623       1224   


LINKER GENERATED COPY TABLES

__TI_cinit_table @ 00001510 records: 2, size/record: 8, table size: 16
	.data: load addr=000014b8, load size=0000003f bytes, run addr=20000000, run size=00000058 bytes, compression=lzss
	.bss: load addr=00001508, load size=00000008 bytes, run addr=20000058, run size=0000000c bytes, compression=zero_init


LINKER GENERATED HANDLER TABLE

__TI_handler_table @ 000014f8 records: 3, size/record: 4, table size: 12
	index: 0, handler: __TI_decompress_lzss
	index: 1, handler: __TI_decompress_none
	index: 2, handler: __TI_zero_init


GLOBAL SYMBOLS: SORTED ALPHABETICALLY BY Name 

address   name                                      
-------   ----                                      
00001357  ADC14_IRQHandler                          
00000d25  ADC14_configureConversionMemory           
0000103d  ADC14_configureSingleSampleMode           
0000112d  ADC14_enableConversion                    
0000131d  ADC14_enableModule                        
00001159  ADC14_enableSampleTimer                   
0000122d  ADC14_getResult                           
000010c5  ADC14_initModule                          
000012a5  ADC14_isBusy                              
000012b9  ADC14_setResolution                       
000011ed  ADC14_toggleConversionTrigger             
00001357  AES256_IRQHandler                         
00001357  BusFault_Handler                          
00000f05  C$$EXIT                                   
00001357  COMP_E0_IRQHandler                        
00001357  COMP_E1_IRQHandler                        
00001359  CPU_cpsie                                 
00001357  CS_IRQHandler                             
00000a0d  CS_initClockSignal                        
00001181  CS_setDCOCenteredFrequency                
000008c1  CS_setDCOFrequency                        
00000e5d  CS_tuneDCOFrequency                       
00001357  DMA_ERR_IRQHandler                        
00001357  DMA_INT0_IRQHandler                       
00001357  DMA_INT1_IRQHandler                       
00001357  DMA_INT2_IRQHandler                       
00001357  DMA_INT3_IRQHandler                       
00001357  DebugMon_Handler                          
00001357  Default_Handler                           
00001357  EUSCIA0_IRQHandler                        
00001357  EUSCIA1_IRQHandler                        
00001357  EUSCIA2_IRQHandler                        
00001357  EUSCIA3_IRQHandler                        
00001357  EUSCIB0_IRQHandler                        
00001357  EUSCIB1_IRQHandler                        
00001357  EUSCIB2_IRQHandler                        
00001357  EUSCIB3_IRQHandler                        
00001357  FLCTL_IRQHandler                          
00001357  FPU_IRQHandler                            
00001245  GPIO_clearInterruptFlag                   
000012e1  GPIO_enableInterrupt                      
0000125d  GPIO_getInputPinValue                     
0000120d  GPIO_interruptEdgeSelect                  
000010fd  GPIO_setAsInputPinWithPullUpResistor      
000011a5  GPIO_setAsOutputPin                       
00000ff5  GPIO_setAsPeripheralModuleFunctionInputPin
000012f5  GPIO_setOutputHighOnPin                   
00001275  GPIO_setOutputLowOnPin                    
00001357  HardFault_Handler                         
00000df9  Interrupt_enableInterrupt                 
0000132d  Interrupt_enableMaster                    
000011c9  Interrupt_setPriority                     
00001357  MemManage_Handler                         
00001357  NMI_Handler                               
2000003c  OnOffPWM1                                 
00001357  PCM_IRQHandler                            
000003a1  PORT1_IRQHandler                          
000003a1  PORT1_IRQHandler                          
00001357  PORT2_IRQHandler                          
00001357  PORT3_IRQHandler                          
00001357  PORT4_IRQHandler                          
00001357  PORT5_IRQHandler                          
00001357  PORT6_IRQHandler                          
00001357  PSS_IRQHandler                            
20000058  PWM                                       
00001357  PendSV_Handler                            
00001357  RTC_C_IRQHandler                          
0000134b  Reset_Handler                             
UNDEFED   SHT$$INIT_ARRAY$$Base                     
UNDEFED   SHT$$INIT_ARRAY$$Limit                    
00001357  SVC_Handler                               
00000f59  SysCtl_getTLVInfo                         
00001357  SysTick_Handler                           
20000054  SystemCoreClock                           
00000441  SystemCoreClockUpdate                     
000006b5  SystemInit                                
00001357  T32_INT1_IRQHandler                       
00001357  T32_INT2_IRQHandler                       
00001357  T32_INTC_IRQHandler                       
00001357  TA0_0_IRQHandler                          
00001357  TA0_N_IRQHandler                          
00001357  TA1_0_IRQHandler                          
00000345  TA1_N_IRQHandler                          
00000345  TA1_N_IRQHandler                          
00001357  TA2_0_IRQHandler                          
00001357  TA2_N_IRQHandler                          
00001357  TA3_0_IRQHandler                          
00001357  TA3_N_IRQHandler                          
00001365  Timer_A_clearInterruptFlag                
00001081  Timer_A_configureUpMode                   
0000137d  Timer_A_startCounter                      
00001357  UsageFault_Handler                        
4000480c  WDTCTL_SYM                                
00001357  WDT_A_IRQHandler                          
20010000  __STACK_END                               
00000200  __STACK_SIZE                              
00001510  __TI_CINIT_Base                           
00001520  __TI_CINIT_Limit                          
000014f8  __TI_Handler_Table_Base                   
00001504  __TI_Handler_Table_Limit                  
00000cb5  __TI_auto_init                            
20000030  __TI_cleanup_ptr                          
00000d91  __TI_decompress_lzss                      
0000133d  __TI_decompress_none                      
20000034  __TI_dtors_ptr                            
20000038  __TI_enable_exit_profile_output           
ffffffff  __TI_pprof_out_hndl                       
ffffffff  __TI_prof_data_size                       
ffffffff  __TI_prof_data_start                      
00000000  __TI_static_base__                        
00001371  __TI_zero_init                            
00000c3b  __aeabi_memclr                            
00000c3b  __aeabi_memclr4                           
00000c3b  __aeabi_memclr8                           
00000b9f  __aeabi_memcpy                            
00000b9f  __aeabi_memcpy4                           
00000b9f  __aeabi_memcpy8                           
00000c3d  __aeabi_memset                            
00000c3d  __aeabi_memset4                           
00000c3d  __aeabi_memset8                           
ffffffff  __binit__                                 
ffffffff  __c_args__                                
00001389  __mpu_init                                
2000fe00  __stack                                   
0000128d  _args_main                                
00000eb1  _c_int00                                  
20000048  _lock                                     
00001317  _nop                                      
0000130f  _register_lock                            
00001309  _register_unlock                          
0000138b  _system_post_cinit                        
00001385  _system_pre_init                          
2000004c  _unlock                                   
00000f09  abort                                     
ffffffff  binit                                     
0000149c  config                                    
00000fa9  copy_in                                   
20000040  direction                                 
00000f11  exit                                      
00000000  interruptVectors                          
000000e5  main                                      
20000050  main_func_sp                              
00000b9f  memcpy                                    
00000c43  memset                                    
2000005c  percentageOut                             
20000060  s2                                        
20000044  switchchecker                             


GLOBAL SYMBOLS: SORTED BY Symbol Address 

address   name                                      
-------   ----                                      
00000000  __TI_static_base__                        
00000000  interruptVectors                          
000000e5  main                                      
00000200  __STACK_SIZE                              
00000345  TA1_N_IRQHandler                          
00000345  TA1_N_IRQHandler                          
000003a1  PORT1_IRQHandler                          
000003a1  PORT1_IRQHandler                          
00000441  SystemCoreClockUpdate                     
000006b5  SystemInit                                
000008c1  CS_setDCOFrequency                        
00000a0d  CS_initClockSignal                        
00000b9f  __aeabi_memcpy                            
00000b9f  __aeabi_memcpy4                           
00000b9f  __aeabi_memcpy8                           
00000b9f  memcpy                                    
00000c3b  __aeabi_memclr                            
00000c3b  __aeabi_memclr4                           
00000c3b  __aeabi_memclr8                           
00000c3d  __aeabi_memset                            
00000c3d  __aeabi_memset4                           
00000c3d  __aeabi_memset8                           
00000c43  memset                                    
00000cb5  __TI_auto_init                            
00000d25  ADC14_configureConversionMemory           
00000d91  __TI_decompress_lzss                      
00000df9  Interrupt_enableInterrupt                 
00000e5d  CS_tuneDCOFrequency                       
00000eb1  _c_int00                                  
00000f05  C$$EXIT                                   
00000f09  abort                                     
00000f11  exit                                      
00000f59  SysCtl_getTLVInfo                         
00000fa9  copy_in                                   
00000ff5  GPIO_setAsPeripheralModuleFunctionInputPin
0000103d  ADC14_configureSingleSampleMode           
00001081  Timer_A_configureUpMode                   
000010c5  ADC14_initModule                          
000010fd  GPIO_setAsInputPinWithPullUpResistor      
0000112d  ADC14_enableConversion                    
00001159  ADC14_enableSampleTimer                   
00001181  CS_setDCOCenteredFrequency                
000011a5  GPIO_setAsOutputPin                       
000011c9  Interrupt_setPriority                     
000011ed  ADC14_toggleConversionTrigger             
0000120d  GPIO_interruptEdgeSelect                  
0000122d  ADC14_getResult                           
00001245  GPIO_clearInterruptFlag                   
0000125d  GPIO_getInputPinValue                     
00001275  GPIO_setOutputLowOnPin                    
0000128d  _args_main                                
000012a5  ADC14_isBusy                              
000012b9  ADC14_setResolution                       
000012e1  GPIO_enableInterrupt                      
000012f5  GPIO_setOutputHighOnPin                   
00001309  _register_unlock                          
0000130f  _register_lock                            
00001317  _nop                                      
0000131d  ADC14_enableModule                        
0000132d  Interrupt_enableMaster                    
0000133d  __TI_decompress_none                      
0000134b  Reset_Handler                             
00001357  ADC14_IRQHandler                          
00001357  AES256_IRQHandler                         
00001357  BusFault_Handler                          
00001357  COMP_E0_IRQHandler                        
00001357  COMP_E1_IRQHandler                        
00001357  CS_IRQHandler                             
00001357  DMA_ERR_IRQHandler                        
00001357  DMA_INT0_IRQHandler                       
00001357  DMA_INT1_IRQHandler                       
00001357  DMA_INT2_IRQHandler                       
00001357  DMA_INT3_IRQHandler                       
00001357  DebugMon_Handler                          
00001357  Default_Handler                           
00001357  EUSCIA0_IRQHandler                        
00001357  EUSCIA1_IRQHandler                        
00001357  EUSCIA2_IRQHandler                        
00001357  EUSCIA3_IRQHandler                        
00001357  EUSCIB0_IRQHandler                        
00001357  EUSCIB1_IRQHandler                        
00001357  EUSCIB2_IRQHandler                        
00001357  EUSCIB3_IRQHandler                        
00001357  FLCTL_IRQHandler                          
00001357  FPU_IRQHandler                            
00001357  HardFault_Handler                         
00001357  MemManage_Handler                         
00001357  NMI_Handler                               
00001357  PCM_IRQHandler                            
00001357  PORT2_IRQHandler                          
00001357  PORT3_IRQHandler                          
00001357  PORT4_IRQHandler                          
00001357  PORT5_IRQHandler                          
00001357  PORT6_IRQHandler                          
00001357  PSS_IRQHandler                            
00001357  PendSV_Handler                            
00001357  RTC_C_IRQHandler                          
00001357  SVC_Handler                               
00001357  SysTick_Handler                           
00001357  T32_INT1_IRQHandler                       
00001357  T32_INT2_IRQHandler                       
00001357  T32_INTC_IRQHandler                       
00001357  TA0_0_IRQHandler                          
00001357  TA0_N_IRQHandler                          
00001357  TA1_0_IRQHandler                          
00001357  TA2_0_IRQHandler                          
00001357  TA2_N_IRQHandler                          
00001357  TA3_0_IRQHandler                          
00001357  TA3_N_IRQHandler                          
00001357  UsageFault_Handler                        
00001357  WDT_A_IRQHandler                          
00001359  CPU_cpsie                                 
00001365  Timer_A_clearInterruptFlag                
00001371  __TI_zero_init                            
0000137d  Timer_A_startCounter                      
00001385  _system_pre_init                          
00001389  __mpu_init                                
0000138b  _system_post_cinit                        
0000149c  config                                    
000014f8  __TI_Handler_Table_Base                   
00001504  __TI_Handler_Table_Limit                  
00001510  __TI_CINIT_Base                           
00001520  __TI_CINIT_Limit                          
20000030  __TI_cleanup_ptr                          
20000034  __TI_dtors_ptr                            
20000038  __TI_enable_exit_profile_output           
2000003c  OnOffPWM1                                 
20000040  direction                                 
20000044  switchchecker                             
20000048  _lock                                     
2000004c  _unlock                                   
20000050  main_func_sp                              
20000054  SystemCoreClock                           
20000058  PWM                                       
2000005c  percentageOut                             
20000060  s2                                        
2000fe00  __stack                                   
20010000  __STACK_END                               
4000480c  WDTCTL_SYM                                
ffffffff  __TI_pprof_out_hndl                       
ffffffff  __TI_prof_data_size                       
ffffffff  __TI_prof_data_start                      
ffffffff  __binit__                                 
ffffffff  __c_args__                                
ffffffff  binit                                     
UNDEFED   SHT$$INIT_ARRAY$$Base                     
UNDEFED   SHT$$INIT_ARRAY$$Limit                    

[147 symbols]
